﻿
> softly-built-pos@1.0.0 build
> vite build

[36mvite v5.4.21 [32mbuilding for production...[36m[39m
transforming...
[32mΓ£ô[39m 5 modules transformed.
node.exe : [31mx[39m Build failed in 761ms
At line:1 char:1
+ & "C:\Program Files\nodejs/node.exe" "C:\Program Files\nodejs/node_mo ...
+ ~~~~~~~~~~~~~~~~~~~~~~~~~~~~~~~~~~~~~~~~~~~~~~~~~~~~~~~~~~~~~~~~~~~~~
    + CategoryInfo          : NotSpecified: ([31mx[39m Build failed in 761ms:String) [], RemoteException
    + FullyQualifiedErrorId : NativeCommandError
 
[31merror during build:
[31m[vite:esbuild] Transform failed with 1 error:
C:/Users/JOHN/Desktop/Softly-build-web-main/src/App.jsx:1241:7467: ERROR: Expected ")" but found "{"[31m
file: [36mC:/Users/JOHN/Desktop/Softly-build-web-main/src/App.jsx:1241:7467[31m
[33m
[33mExpected ")" but found "{"[33m
1239|            {role === 'owner' && selectedIds.size > 0 && <button onClick={() => 
handleCreateOrder(products.filter(p => selectedIds.has(p.id)))} className="btn-primary bg-blue-600 hover:bg-blue-700 
py-2 px-4 whitespace-nowrap"><Truck className="w-4 h-4" /> Order ({selectedIds.size})</button>}
1240|            {role === 'owner' && selectedIds.size > 0 && <button onClick={() => { setShowShoppingListModal(true); 
setShoppingListItems(products.filter(p => selectedIds.has(p.id)).map(p => ({ ...p, qty: 1 }))); }} 
className="btn-primary bg-emerald-600 hover:bg-emerald-700 py-2 px-4 whitespace-nowrap"><ClipboardList className="w-4 
h-4" /> Create shopping list</button>}
1241|          </div>        <div>{role === 'owner' && filtered.length > 0 && (<div className="flex items-center gap-2 
mb-3 px-1"><input type="checkbox" onChange={handleSelectAll} checked={selectedIds.size === filtered.length && 
filtered.length > 0} className="w-4 h-4 text-emerald-600 bg-gray-100 border-gray-300 rounded focus:ring-emerald-500" 
/><span className="text-xs text-slate-500 font-medium">Select all ({filtered.length})</span></div>)}<div 
className="grid grid-cols-1 md:grid-cols-2 gap-3">{filtered.slice((currentPage - 1) * 50, currentPage * 50).map(p => { 
const isEdit = editId === p.id; if (isEdit) { return (<div key={p.id} className="bg-white rounded-2xl border-2 
border-emerald-300 shadow-sm p-4 md:col-span-2"><div className="grid grid-cols-1 md:grid-cols-2 gap-3"><input 
className="input-field py-2 text-sm" placeholder="Name" value={editData.name} onChange={e => setEditData({ 
...editData, name: e.target.value })} /><input className="input-field py-2 text-xs font-mono" placeholder="Barcode" 
value={editData.barcode || ''} onChange={e => setEditData({ ...editData, barcode: e.target.value })} />{(role === 
'owner' || perms.editPriceAndCost) ? <input type="number" className="input-field py-2" placeholder="Price" 
value={editData.price} onChange={e => setEditData({ ...editData, price: parseFloat(e.target.value) })} /> : <div 
className="py-2 text-slate-600">Ksh. {editData.price?.toLocaleString()}</div>}{settings.showCosts && ((role === 
'owner' || perms.editPriceAndCost) ? <input type="number" className="input-field py-2" placeholder="Cost" 
value={editData.cost} onChange={e => setEditData({ ...editData, cost: parseFloat(e.target.value) })} /> : <div 
className="py-2 text-slate-500">Cost: Ksh. {editData.cost?.toLocaleString()}</div>)}<input type="number" 
className="input-field py-2" placeholder="Stock" value={editData.stock} onChange={e => setEditData({ ...editData, 
stock: parseFloat(e.target.value) })} /><input className="input-field py-2" placeholder="Category" 
value={editData.category || ''} onChange={e => setEditData({ ...editData, category: e.target.value })} 
/>{settings.trackExpiry !== false && <input type="month" className="input-field py-2" value={editData.expiryDate || 
''} onChange={e => setEditData({ ...editData, expiryDate: e.target.value })} />}<div className="flex items-center 
gap-2"><input type="checkbox" id={`commodity-edit-${p.id}`} checked={!!editData.isCommodity} onChange={e => 
setEditData({ ...editData, isCommodity: e.target.checked })} className="w-4 h-4 text-emerald-600 rounded 
focus:ring-emerald-500" /><label htmlFor={`commodity-edit-${p.id}`} className="text-xs 
font-medium">Commodity</label>{!!editData.isCommodity && (<select value={editData.unit || 'Kg'} onChange={e => 
setEditData({ ...editData, unit: e.target.value })} className="input-field py-1 text-xs w-20"><option 
value="Kg">Kg</option><option value="L">L</option></select>)}</div></div><div className="flex justify-end gap-2 
mt-3"><button onClick={() => setEditId(null)} className="px-4 py-2 bg-slate-100 text-slate-700 rounded-lg 
hover:bg-slate-200 text-sm font-medium flex items-center gap-1"><X className="w-4 h-4" /> Cancel</button><button 
onClick={() => { const updated = products.map(x => x.id === editId ? { ...x, ...editData, unit: editData.isCommodity ? 
(editData.unit || 'Kg') : undefined } : x); setProducts(updated); toast.success('Updated'); setEditId(null); }} 
className="px-4 py-2 bg-emerald-600 text-white rounded-lg hover:bg-emerald-700 text-sm font-medium flex items-center 
gap-1"><Check className="w-4 h-4" /> Save</button></div></div>); } return (<div key={p.id} className={`bg-white 
rounded-2xl border border-slate-200 shadow-sm hover:shadow-md transition-shadow p-4 flex ${p.expiryDate ? 'ring-1 
ring-amber-100' : ''}`}><div className="w-2/5 flex flex-col justify-between pr-4 border-r border-dashed 
border-slate-200"><div>{role === 'owner' ? (<input type="checkbox" checked={selectedIds.has(p.id)} onChange={() => 
handleSelect(p.id)} className="w-5 h-5 text-emerald-600 bg-white border-slate-300 rounded-md focus:ring-emerald-500" 
/>) : <div className="h-5"/>}</div><div className="flex-1 flex items-center"><div className="text-xl md:text-2xl 
font-extrabold text-emerald-600 leading-tight">Ksh. {p.price.toLocaleString()}{p.isCommodity ? <span 
className="text-sm font-semibold">/{p.unit}</span> : ''}</div></div><div className="flex items-center gap-2"><span 
className={`px-3 py-1 rounded-full text-xs font-bold ${p.stock <= 5 ? 'bg-red-100 text-red-700' : 'bg-emerald-100 
text-emerald-700'}`}>{p.stock} {p.isCommodity ? p.unit : 'left'}</span>{(role === 'owner' || perms.addStock) && 
<button onClick={() => { const q = prompt('Add Stock:'); if (q) addStock(p, parseFloat(q)) }} className="p-1.5 
bg-slate-100 hover:bg-slate-200 rounded-lg" title="Add Stock"><Plus className="w-4 h-4 text-slate-700" 
/></button>}</div></div><div className="w-3/5 pl-4 flex flex-col">{settings.trackExpiry !== false && p.expiryDate && 
(<div className="self-start mb-2"><span className="inline-flex items-center gap-1 px-2 py-1 rounded-md bg-amber-50 
text-amber-700 text-xs font-bold border border-amber-100"><Calendar className="w-3 h-3" /> Exp: 
{p.expiryDate}</span></div>)}<div className="text-base md:text-lg font-bold text-slate-900 
leading-tight">{p.name}</div>{settings.showCosts && <div className="text-sm text-slate-500 mt-1">Ksh. 
{p.cost.toLocaleString()}{p.isCommodity ? `/${p.unit}` : ''}</div>}{p.category && <div className="text-sm 
text-slate-500 mt-1">{p.category}</div>}{p.barcode && <div className="text-[10px] text-slate-400 font-mono mt-1 
truncate">{p.barcode}</div>}<div className="border-t border-slate-100 mt-auto pt-3 flex gap-1.5 flex-wrap"><button 
onClick={() => addToCart(p)} className="p-2 bg-emerald-50 hover:bg-emerald-100 rounded-lg" title="Add to 
Cart"><ShoppingCart className="w-4 h-4 text-emerald-600" /></button>{(role === 'owner' || perms.addStock) && <button 
onClick={() => { const q = prompt('Add Stock:'); if (q) addStock(p, parseFloat(q)) }} className="p-2 bg-blue-50 
hover:bg-blue-100 rounded-lg" title="Add Stock"><PackagePlus className="w-4 h-4 text-blue-600" 
/></button>}{settings.showScan && (role === 'owner' || perms.editProducts) && <button onClick={() => { 
setUpdateId(p.id); setScannerMode('update'); }} className="p-2 bg-indigo-50 hover:bg-indigo-100 rounded-lg" 
title="Update Barcode"><QrCode className="w-4 h-4 text-indigo-600" /></button>}{(role === 'owner' || 
perms.editProducts) && <button onClick={() => { setEditId(p.id); setEditData({ ...p }) }} className="p-2 bg-amber-50 
hover:bg-amber-100 rounded-lg" title="Edit"><Edit2 className="w-4 h-4 text-amber-600" /></button>}{(role === 'owner' 
|| perms.editProducts) && <button onClick={() => { if (confirm('Delete?')) setProducts(products.filter(x => x.id !== 
p.id)) }} className="p-2 bg-red-50 hover:bg-red-100 rounded-lg" title="Delete"><Trash2 className="w-4 h-4 
text-red-500" /></button>}</div></div></div>); })}{filtered.length === 0 && <div className="md:col-span-2 p-8 
text-center text-slate-400 bg-white rounded-xl border border-slate-200">No products found.</div>}</div><Pagination 
totalItems={filtered.length} itemsPerPage={50} currentPage={currentPage} setCurrentPage={setCurrentPage} 
/></div></div></div><div className="lg:col-span-1 sticky top-8"><CartPanel cart={cart} onUpdate={updateCartItem} 
onRemove={removeCartItem} onClear={clearCart} onCheckout={() => setIsCheckingOut(true)} currentUser={currentUser} 
/></div></div>{scannerMode && <ScannerModal title={scannerMode === 'sell' ? 'Scan to Sell' : scannerMode === 'stock' ? 
'Scan to Stock' : 'Scan Barcode'} onScan={handleScan} onClose={() => setScannerMode(null)} 
scannerSize={superAdminSettings?.scannerSize} />}{showImport && <TextImportModal existingProducts={products} 
onClose={() => setShowImport(false)} onImport={(items) => setProducts([...products, ...items])} settings={settings} 
/>}{showBulkPriceUpdate && <BulkPriceUpdateModal products={products} setProducts={setProducts} onClose={() => 
setShowBulkPriceUpdate(false)} currentUser={currentUser} suppliers={suppliers} />}{isCheckingOut && <CheckoutModal 
cart={cart} onConfirm={handleCheckout} onClose={() => { setIsCheckingOut(false); clearCart(); }} 
currentUser={currentUser} printData={printData} settings={settings} customers={customers} 
updateCustomers={updateCustomers} />}{showOrderModal && <OrderModal initialProducts={selectedOrderItems} 
suppliers={suppliers} shopName={settings.name} onClose={() => { setShowOrderModal(false); setSelectedIds(new Set()); 
}} initialSupplierId={initialSupplierId} />}{showAttractMode && <div className="fixed inset-0 z-[100] bg-black flex 
items-center justify-center cursor-pointer" onClick={(e) => { e.stopPropagation(); setShowAttractMode(false); 
}}><video src="animation.mp4" autoPlay loop muted playsInline className="w-full h-full object-cover" /></div>}
   |                                                                                                                   
                                                                                                                       
                                                                                                                       
                                                                                                                       
                                                                                                                       
                                                                                                                       
                                                                                                                       
                                                                                                                       
                                                                                                                       
                                                                                                                       
                                                                                                                       
                                                                                                                       
                                                                                                                       
                                                                                                                       
                                                                                                                       
                                                                                                                       
                                                                                                                       
                                                                                                                       
                                                                                                                       
                                                                                                                       
                                                                                                                       
                                                                                                                       
                                                                                                                       
                                                                                                                       
                                                                                                                       
                                                                                                                       
                                                                                                                       
                                                                                                                       
                                                                                                                       
                                                                                                                       
                                                                                                                       
                                                                                                                       
                                                                                                                       
                                                                                                                       
                                                                                                                       
                                                                                                                       
                                                                                                                       
                                                                                                                       
                                                                                                                       
                                                                                                                       
                                                                                                                       
                                                                                                                       
                                                                                                                       
                                                                                                                       
                                                                                                                       
                                                                                                                       
                                                                                                                       
                                                                                                                       
                                                                                                                       
                                                                                                                       
                                                                                                                       
                                                                                                                       
                                                                                                                       
                                                                                                                       
                                                                                                                       
                                                                                                                       
                                                                                                                       
                                                                                                                       
                                                                                                                       
                                                                                                                       
                                                                                                                       
                                                                                                                       
                                                                                               ^
1242|  
1243|          {printShoppingListNow && createPortal(
[31m
    at failureErrorWithLog (C:\Users\JOHN\Desktop\Softly-build-web-main\node_modules\esbuild\lib\main.js:1472:15)
    at C:\Users\JOHN\Desktop\Softly-build-web-main\node_modules\esbuild\lib\main.js:755:50
    at responseCallbacks.<computed> 
(C:\Users\JOHN\Desktop\Softly-build-web-main\node_modules\esbuild\lib\main.js:622:9)
    at handleIncomingPacket (C:\Users\JOHN\Desktop\Softly-build-web-main\node_modules\esbuild\lib\main.js:677:12)
    at Socket.readFromStdout (C:\Users\JOHN\Desktop\Softly-build-web-main\node_modules\esbuild\lib\main.js:600:7)
    at Socket.emit (node:events:509:28)
    at addChunk (node:internal/streams/readable:563:12)
    at readableAddChunkPushByteMode (node:internal/streams/readable:514:3)
    at Readable.push (node:internal/streams/readable:394:5)
    at Pipe.onStreamRead (node:internal/stream_base_commons:189:23)[39m
